An exception occurred during task execution. To see the full traceback, use -vvv. The error was: Invalid bucket name "dev01-39591-abinitio-dev"": Bucket name must match the regex "^[a-zA-Z0-9.\-_]{1,255}$" or be an ARN matching the regex "^arn:(aws).*:s3:[a-z\-0-9]+:[0-9]{12}:accesspoint[/:][a-zA-Z0-9\-]{1,63}$"
fatal: [localhost]: FAILED! => {"boto3_version": "1.17.112", "botocore_version": "1.18.6", "changed": false, "msg": "Failed while looking up bucket (during bucket_check) dev01-39591-abinitio-dev\".: Parameter validation failed:\nInvalid bucket name \"dev01-39591-abinitio-dev\"\": Bucket name must match the regex \"^[a-zA-Z0-9.\\-_]{1,255}$\" or be an ARN matching the regex \"^arn:(aws).*:s3:[a-z\\-0-9]+:[0-9]{12}:accesspoint[/:][a-zA-Z0-9\\-]{1,63}$\""}
//////// ERROR WHILE INSTALLING CC /////
TASK [install_cc : Log m_ls connectivity check result] ************************************************************************************************
fatal: [localhost]: FAILED! => {"msg": "template error while templating string: Unexpected end of template. Jinja was looking for the following tags: 'elif' or 'else' or 'endif'. The innermost block that needs to be closed is 'if'.. String: {%- if ls_test is success -%} - m_ls connectivity test for the Co-Operating System has completed successfully {\n"}

//////// ERROR WHILE INSTALLING CC/////
TASK [install_cc : Install boto3 and botocore] ********************************************************************************************************
fatal: [localhost]: FAILED! => {"msg": "The conditional check 'not (co_ops_dir_status.stat.exists and co_ops_dir_status.stat.isdir | default(false))' failed. The error was: error while evaluating conditional (not (co_ops_dir_status.stat.exists and co_ops_dir_status.stat.isdir | default(false))): 'co_ops_dir_status' is undefined\n\nThe error appears to be in '/tmp/ansible_playbooks/roles/install_cc/tasks/main.yml': line 34, column 3, but may\nbe elsewhere in the file depending on the exact syntax problem.\n\nThe offending line appears to be:\n\n\n- name: Install boto3 and botocore\n  ^ here\n"}

PLAY RECAP ****



TASK [install_cc : Check if Co-Operating System directory exists] *************************************************************************************
fatal: [localhost]: FAILED! => {"msg": "The task includes an option with an undefined variable. The error was: 'install_path' is undefined\n\nThe error appears to be in '/tmp/ansible_playbooks/roles/install_cc/tasks/main.yml': line 17, column 3, but may\nbe elsewhere in the file depending on the exact syntax problem.\n\nThe offending line appears to be:\n\n\n- name: Check if Co-Operating System directory exists\n  ^ here\n"}

PLAY RECAP ********************************************************************************************************************************************
localhost                  : ok=3    changed=1    unreachable=0    failed=1    skipped=0    rescued=0    ignored=0

